// Jest Snapshot v1, https://goo.gl/fbAQLP

exports[`avgtempinsfax should fetch the avgtempinsfax from the database events collection 1`] = `
Object {
  "body": "{\\"_id\\":\\"avgtempinsfax\\",\\"city\\":\\"sfax\\",\\"temperature\\":\\"12\\",\\"unit\\":\\"C\\"}",
  "statusCode": 200,
}
`;
